// Jest Snapshot v1, https://goo.gl/fbAQLP

exports[`Button snapshot 1`] = `
.emotion-0 {
  box-sizing: border-box;
  font: inherit;
  color: inherit;
  background: transparent;
  border: 0;
  margin: 0;
  padding: 0;
  height: 300px;
  margin-left: auto;
  margin-right: auto;
  background-color: #000;
  color: #fff;
  display: inline-block;
  -webkit-appearance: none;
  -moz-appearance: none;
  appearance: none;
  text-align: center;
  -webkit-text-decoration: none;
  text-decoration: none;
  cursor: pointer;
}

.emotion-0[disabled] {
  cursor: auto;
  pointer-events: none;
}

<button
  className="emotion-0 emotion-1"
>
  Button
</button>
`;
