// Jest Snapshot v1, https://goo.gl/fbAQLP

exports[`Flex snapshot 1`] = `
.emotion-6 {
  box-sizing: border-box;
  font: inherit;
  color: inherit;
  background: transparent;
  border: 0;
  margin: 0;
  padding: 0;
  width: 50%;
  display: -webkit-box;
  display: -webkit-flex;
  display: -ms-flexbox;
  display: flex;
  -webkit-box-pack: justify;
  -webkit-justify-content: space-between;
  -ms-flex-pack: justify;
  justify-content: space-between;
}

.emotion-0 {
  box-sizing: border-box;
  font: inherit;
  color: inherit;
  background: transparent;
  border: 0;
  margin: 0;
  padding: 0;
}

.emotion-2 {
  box-sizing: border-box;
  font: inherit;
  color: inherit;
  background: transparent;
  border: 0;
  margin: 0;
  padding: 0;
  margin-left: auto;
  margin-right: auto;
}

.emotion-4 {
  box-sizing: border-box;
  font: inherit;
  color: inherit;
  background: transparent;
  border: 0;
  margin: 0;
  padding: 0;
  -webkit-flex: 0 1;
  -ms-flex: 0 1;
  flex: 0 1;
}

<div
  className="emotion-6 emotion-7"
>
  <div
    className="emotion-0 emotion-1"
  >
    Item
  </div>
  <div
    className="emotion-2 emotion-1"
  >
    Item
  </div>
  <div
    className="emotion-4 emotion-1"
  >
    Item
  </div>
</div>
`;
