// Jest Snapshot v1, https://goo.gl/fbAQLP

exports[`Input snapshot 1`] = `
.emotion-0 {
  box-sizing: border-box;
  font: inherit;
  color: inherit;
  background: transparent;
  border: 0;
  margin: 0;
  padding: 0;
  height: 300px;
  margin-left: auto;
  margin-right: auto;
  background-color: #000;
  color: #fff;
  width: 100%;
  border-radius: 0;
  -webkit-appearance: none;
  -moz-appearance: none;
  appearance: none;
}

.emotion-0[disabled] {
  -webkit-text-fill-color: currentColor;
  -webkit-opacity: 1;
}

<input
  className="emotion-0 emotion-1"
  value="Input"
/>
`;
