// Jest Snapshot v1, https://goo.gl/fbAQLP

exports[`List snapshot 1`] = `
.emotion-3 {
  box-sizing: border-box;
  font: inherit;
  color: inherit;
  background: transparent;
  border: 0;
  margin: 0;
  padding: 0;
  list-style: none;
}

.emotion-0 {
  box-sizing: border-box;
  font: inherit;
  color: inherit;
  background: transparent;
  border: 0;
  margin: 0;
  padding: 0;
}

<ul
  className="emotion-2 emotion-3 emotion-4"
>
  <li
    className="emotion-0 emotion-1"
  >
    Item
  </li>
</ul>
`;
